duration,epoch,mrr,hit,loss
0.36149622201919557,19.333333333333332,0.0,0.5831820900905307,2.8808409836228783
0.36149622201919557,29.0,0.44218833420448367,0.0,0.1887141488616989
